<?xml version="1.0"?>
<root>
  <mtef>
    <mtef_version>5</mtef_version>
    <platform>1</platform>
    <product>0</product>
    <product_version>6</product_version>
    <product_subversion>9</product_subversion>
    <application_key>DSMT6</application_key>
    <equation_options>block</equation_options>
    <encoding_def>
      <name>WinAllBasicCodePages</name>
    </encoding_def>
    <font_def>
      <enc_def_index>5</enc_def_index>
      <font_name>Times New Roman</font_name>
    </font_def>
    <font_def>
      <enc_def_index>3</enc_def_index>
      <font_name>MT Symbol</font_name>
    </font_def>
    <font_def>
      <enc_def_index>5</enc_def_index>
      <font_name>Courier New</font_name>
    </font_def>
    <font_def>
      <enc_def_index>4</enc_def_index>
      <font_name>MT Extra</font_name>
    </font_def>
    <eqn_prefs>
      <options>0</options>
      <sizes_count>8</sizes_count>
      <sizes>
        <unit>2</unit>
        <nibbles>8</nibbles>
        <nibbles>10</nibbles>
        <nibbles>7</nibbles>
        <nibbles>15</nibbles>
      </sizes>
      <sizes>
        <unit>4</unit>
        <nibbles>7</nibbles>
        <nibbles>0</nibbles>
        <nibbles>15</nibbles>
      </sizes>
      <sizes>
        <unit>2</unit>
        <nibbles>4</nibbles>
        <nibbles>10</nibbles>
        <nibbles>7</nibbles>
        <nibbles>5</nibbles>
        <nibbles>15</nibbles>
      </sizes>
      <sizes>
        <unit>2</unit>
        <nibbles>9</nibbles>
        <nibbles>15</nibbles>
      </sizes>
      <sizes>
        <unit>2</unit>
        <nibbles>9</nibbles>
        <nibbles>15</nibbles>
      </sizes>
      <sizes>
        <unit>4</unit>
        <nibbles>7</nibbles>
        <nibbles>5</nibbles>
        <nibbles>15</nibbles>
      </sizes>
      <sizes>
        <unit>4</unit>
        <nibbles>1</nibbles>
        <nibbles>5</nibbles>
        <nibbles>0</nibbles>
        <nibbles>15</nibbles>
      </sizes>
      <sizes>
        <unit>2</unit>
        <nibbles>0</nibbles>
        <nibbles>10</nibbles>
        <nibbles>5</nibbles>
        <nibbles>15</nibbles>
      </sizes>
      <spaces_count>30</spaces_count>
      <spaces>
        <unit>2</unit>
        <nibbles>1</nibbles>
        <nibbles>1</nibbles>
        <nibbles>15</nibbles>
      </spaces>
      <spaces>
        <unit>2</unit>
        <nibbles>1</nibbles>
        <nibbles>1</nibbles>
        <nibbles>15</nibbles>
      </spaces>
      <spaces>
        <unit>4</unit>
        <nibbles>1</nibbles>
        <nibbles>0</nibbles>
        <nibbles>0</nibbles>
        <nibbles>15</nibbles>
      </spaces>
      <spaces>
        <unit>4</unit>
        <nibbles>3</nibbles>
        <nibbles>3</nibbles>
        <nibbles>15</nibbles>
      </spaces>
      <spaces>
        <unit>4</unit>
        <nibbles>1</nibbles>
        <nibbles>8</nibbles>
        <nibbles>15</nibbles>
      </spaces>
      <spaces>
        <unit>4</unit>
        <nibbles>8</nibbles>
        <nibbles>15</nibbles>
      </spaces>
      <spaces>
        <unit>4</unit>
        <nibbles>2</nibbles>
        <nibbles>5</nibbles>
        <nibbles>15</nibbles>
      </spaces>
      <spaces>
        <unit>4</unit>
        <nibbles>1</nibbles>
        <nibbles>0</nibbles>
        <nibbles>0</nibbles>
        <nibbles>15</nibbles>
      </spaces>
      <spaces>
        <unit>4</unit>
        <nibbles>1</nibbles>
        <nibbles>0</nibbles>
        <nibbles>0</nibbles>
        <nibbles>15</nibbles>
      </spaces>
      <spaces>
        <unit>4</unit>
        <nibbles>3</nibbles>
        <nibbles>5</nibbles>
        <nibbles>15</nibbles>
      </spaces>
      <spaces>
        <unit>4</unit>
        <nibbles>1</nibbles>
        <nibbles>0</nibbles>
        <nibbles>0</nibbles>
        <nibbles>15</nibbles>
      </spaces>
      <spaces>
        <unit>4</unit>
        <nibbles>8</nibbles>
        <nibbles>15</nibbles>
      </spaces>
      <spaces>
        <unit>2</unit>
        <nibbles>0</nibbles>
        <nibbles>10</nibbles>
        <nibbles>5</nibbles>
        <nibbles>15</nibbles>
      </spaces>
      <spaces>
        <unit>2</unit>
        <nibbles>0</nibbles>
        <nibbles>10</nibbles>
        <nibbles>5</nibbles>
        <nibbles>15</nibbles>
      </spaces>
      <spaces>
        <unit>4</unit>
        <nibbles>8</nibbles>
        <nibbles>15</nibbles>
      </spaces>
      <spaces>
        <unit>4</unit>
        <nibbles>8</nibbles>
        <nibbles>15</nibbles>
      </spaces>
      <spaces>
        <unit>4</unit>
        <nibbles>1</nibbles>
        <nibbles>0</nibbles>
        <nibbles>0</nibbles>
        <nibbles>15</nibbles>
      </spaces>
      <spaces>
        <unit>4</unit>
        <nibbles>5</nibbles>
        <nibbles>0</nibbles>
        <nibbles>15</nibbles>
      </spaces>
      <spaces>
        <unit>4</unit>
        <nibbles>0</nibbles>
        <nibbles>15</nibbles>
      </spaces>
      <spaces>
        <unit>4</unit>
        <nibbles>8</nibbles>
        <nibbles>15</nibbles>
      </spaces>
      <spaces>
        <unit>4</unit>
        <nibbles>1</nibbles>
        <nibbles>7</nibbles>
        <nibbles>15</nibbles>
      </spaces>
      <spaces>
        <unit>4</unit>
        <nibbles>8</nibbles>
        <nibbles>15</nibbles>
      </spaces>
      <spaces>
        <unit>4</unit>
        <nibbles>1</nibbles>
        <nibbles>2</nibbles>
        <nibbles>5</nibbles>
        <nibbles>15</nibbles>
      </spaces>
      <spaces>
        <unit>4</unit>
        <nibbles>1</nibbles>
        <nibbles>2</nibbles>
        <nibbles>10</nibbles>
        <nibbles>5</nibbles>
        <nibbles>15</nibbles>
      </spaces>
      <spaces>
        <unit>4</unit>
        <nibbles>4</nibbles>
        <nibbles>5</nibbles>
        <nibbles>15</nibbles>
      </spaces>
      <spaces>
        <unit>2</unit>
        <nibbles>0</nibbles>
        <nibbles>10</nibbles>
        <nibbles>5</nibbles>
        <nibbles>15</nibbles>
      </spaces>
      <spaces>
        <unit>2</unit>
        <nibbles>0</nibbles>
        <nibbles>10</nibbles>
        <nibbles>5</nibbles>
        <nibbles>15</nibbles>
      </spaces>
      <spaces>
        <unit>2</unit>
        <nibbles>0</nibbles>
        <nibbles>10</nibbles>
        <nibbles>5</nibbles>
        <nibbles>15</nibbles>
      </spaces>
      <spaces>
        <unit>2</unit>
        <nibbles>0</nibbles>
        <nibbles>10</nibbles>
        <nibbles>5</nibbles>
        <nibbles>15</nibbles>
      </spaces>
      <spaces>
        <unit>4</unit>
        <nibbles>1</nibbles>
        <nibbles>0</nibbles>
        <nibbles>15</nibbles>
      </spaces>
      <styles_count>12</styles_count>
      <styles>
        <font_def>1</font_def>
        <font_style>0</font_style>
      </styles>
      <styles>
        <font_def>1</font_def>
        <font_style>0</font_style>
      </styles>
      <styles>
        <font_def>1</font_def>
        <font_style>2</font_style>
      </styles>
      <styles>
        <font_def>2</font_def>
        <font_style>0</font_style>
      </styles>
      <styles>
        <font_def>2</font_def>
        <font_style>0</font_style>
      </styles>
      <styles>
        <font_def>2</font_def>
        <font_style>0</font_style>
      </styles>
      <styles>
        <font_def>1</font_def>
        <font_style>0</font_style>
      </styles>
      <styles>
        <font_def>1</font_def>
        <font_style>0</font_style>
      </styles>
      <styles>
        <font_def>3</font_def>
        <font_style>0</font_style>
      </styles>
      <styles>
        <font_def>1</font_def>
        <font_style>0</font_style>
      </styles>
      <styles>
        <font_def>4</font_def>
        <font_style>0</font_style>
      </styles>
      <styles>
        <font_def>0</font_def>
      </styles>
    </eqn_prefs>
    <full/>
    <slot>
      <options>0</options>
      <char>
        <typeface>4</typeface>
        <mt_code_value>0x03C3</mt_code_value>
        <options>4</options>
        <font_position>115</font_position>
        <variation>mathmode</variation>
      </char>
      <tmpl>
        <selector>tmSUB</selector>
        <template_specific_options>0</template_specific_options>
        <sub/>
        <slot>
          <options>0</options>
          <char>
            <typeface>1</typeface>
            <mt_code_value>0x0076</mt_code_value>
            <options>0</options>
            <variation>textmode</variation>
          </char>
          <end/>
        </slot>
        <slot>
          <options>1</options>
        </slot>
        <end/>
      </tmpl>
      <full/>
      <char>
        <typeface>1</typeface>
        <mt_code_value>0x003D</mt_code_value>
        <options>0</options>
        <variation>textmode</variation>
      </char>
      <tmpl>
        <selector>tmROOT</selector>
        <variation>tvROOT_SQ</variation>
        <template_specific_options>0</template_specific_options>
        <slot>
          <options>0</options>
          <char>
            <typeface>4</typeface>
            <mt_code_value>0x03C3</mt_code_value>
            <options>4</options>
            <font_position>115</font_position>
            <variation>mathmode</variation>
          </char>
          <tmpl>
            <selector>tmSUBSUP</selector>
            <template_specific_options>0</template_specific_options>
            <sub/>
            <slot>
              <options>0</options>
              <char>
                <typeface>1</typeface>
                <mt_code_value>0x0062</mt_code_value>
                <options>0</options>
                <variation>textmode</variation>
              </char>
              <end/>
            </slot>
            <slot>
              <options>0</options>
              <char>
                <typeface>1</typeface>
                <mt_code_value>0x0032</mt_code_value>
                <options>0</options>
                <variation>textmode</variation>
              </char>
              <end/>
            </slot>
            <end/>
          </tmpl>
          <full/>
          <char>
            <typeface>1</typeface>
            <mt_code_value>0x002B</mt_code_value>
            <options>0</options>
            <variation>textmode</variation>
          </char>
          <char>
            <typeface>1</typeface>
            <mt_code_value>0x0033</mt_code_value>
            <options>0</options>
            <variation>textmode</variation>
          </char>
          <char>
            <typeface>6</typeface>
            <mt_code_value>0x22C5</mt_code_value>
            <options>4</options>
            <font_position>215</font_position>
            <variation>mathmode</variation>
          </char>
          <tmpl>
            <selector>tmPAREN</selector>
            <variation>tvFENCE_L</variation>
            <variation>tvFENCE_R</variation>
            <template_specific_options>0</template_specific_options>
            <slot>
              <options>0</options>
              <char>
                <typeface>4</typeface>
                <mt_code_value>0x03B1</mt_code_value>
                <options>4</options>
                <font_position>97</font_position>
                <variation>mathmode</variation>
              </char>
              <tmpl>
                <selector>tmSUB</selector>
                <template_specific_options>0</template_specific_options>
                <sub/>
                <slot>
                  <options>0</options>
                  <char>
                    <typeface>1</typeface>
                    <mt_code_value>0x0030</mt_code_value>
                    <options>0</options>
                    <variation>textmode</variation>
                  </char>
                  <end/>
                </slot>
                <slot>
                  <options>1</options>
                </slot>
                <end/>
              </tmpl>
              <full/>
              <char>
                <typeface>6</typeface>
                <mt_code_value>0x22C5</mt_code_value>
                <options>4</options>
                <font_position>215</font_position>
                <variation>mathmode</variation>
              </char>
              <char>
                <typeface>4</typeface>
                <mt_code_value>0x03C4</mt_code_value>
                <options>4</options>
                <font_position>116</font_position>
                <variation>mathmode</variation>
              </char>
              <tmpl>
                <selector>tmSUB</selector>
                <template_specific_options>0</template_specific_options>
                <sub/>
                <slot>
                  <options>0</options>
                  <char>
                    <typeface>1</typeface>
                    <mt_code_value>0x0074</mt_code_value>
                    <options>0</options>
                    <variation>textmode</variation>
                  </char>
                  <end/>
                </slot>
                <slot>
                  <options>1</options>
                </slot>
                <end/>
              </tmpl>
              <end/>
            </slot>
            <full/>
            <char>
              <typeface>22</typeface>
              <mt_code_value>0x0028</mt_code_value>
              <options>0</options>
              <variation>mathmode</variation>
            </char>
            <char>
              <typeface>22</typeface>
              <mt_code_value>0x0029</mt_code_value>
              <options>0</options>
              <variation>mathmode</variation>
            </char>
            <end/>
          </tmpl>
          <tmpl>
            <selector>tmSUP</selector>
            <template_specific_options>0</template_specific_options>
            <sub/>
            <slot>
              <options>1</options>
            </slot>
            <slot>
              <options>0</options>
              <char>
                <typeface>1</typeface>
                <mt_code_value>0x0032</mt_code_value>
                <options>0</options>
                <variation>textmode</variation>
              </char>
              <end/>
            </slot>
            <end/>
          </tmpl>
          <end/>
        </slot>
        <slot>
          <options>1</options>
        </slot>
        <end/>
      </tmpl>
      <end/>
    </slot>
    <end/>
  </mtef>
</root>
