<?xml version="1.0"?>
<root>
  <mtef>
    <mtef_version>5</mtef_version>
    <platform>1</platform>
    <product>0</product>
    <product_version>5</product_version>
    <product_subversion>0</product_subversion>
    <application_key>DSMT5</application_key>
    <equation_options>block</equation_options>
    <encoding_def>
      <name>WinAllBasicCodePages</name>
    </encoding_def>
    <font_def>
      <enc_def_index>5</enc_def_index>
      <font_name>Arial</font_name>
    </font_def>
    <font_def>
      <enc_def_index>5</enc_def_index>
      <font_name>Times New Roman</font_name>
    </font_def>
    <font_def>
      <enc_def_index>3</enc_def_index>
      <font_name>Symbol</font_name>
    </font_def>
    <font_def>
      <enc_def_index>4</enc_def_index>
      <font_name>MT Extra</font_name>
    </font_def>
    <eqn_prefs>
      <options>0</options>
      <sizes_count>8</sizes_count>
      <sizes>
        <unit>2</unit>
        <nibbles>1</nibbles>
        <nibbles>0</nibbles>
        <nibbles>15</nibbles>
      </sizes>
      <sizes>
        <unit>2</unit>
        <nibbles>8</nibbles>
        <nibbles>15</nibbles>
      </sizes>
      <sizes>
        <unit>2</unit>
        <nibbles>7</nibbles>
        <nibbles>15</nibbles>
      </sizes>
      <sizes>
        <unit>4</unit>
        <nibbles>1</nibbles>
        <nibbles>5</nibbles>
        <nibbles>0</nibbles>
        <nibbles>15</nibbles>
      </sizes>
      <sizes>
        <unit>4</unit>
        <nibbles>1</nibbles>
        <nibbles>0</nibbles>
        <nibbles>0</nibbles>
        <nibbles>15</nibbles>
      </sizes>
      <sizes>
        <unit>4</unit>
        <nibbles>7</nibbles>
        <nibbles>5</nibbles>
        <nibbles>15</nibbles>
      </sizes>
      <sizes>
        <unit>4</unit>
        <nibbles>1</nibbles>
        <nibbles>5</nibbles>
        <nibbles>0</nibbles>
        <nibbles>15</nibbles>
      </sizes>
      <sizes>
        <unit>2</unit>
        <nibbles>1</nibbles>
        <nibbles>15</nibbles>
      </sizes>
      <spaces_count>30</spaces_count>
      <spaces>
        <unit>4</unit>
        <nibbles>1</nibbles>
        <nibbles>5</nibbles>
        <nibbles>0</nibbles>
        <nibbles>15</nibbles>
      </spaces>
      <spaces>
        <unit>4</unit>
        <nibbles>1</nibbles>
        <nibbles>5</nibbles>
        <nibbles>0</nibbles>
        <nibbles>15</nibbles>
      </spaces>
      <spaces>
        <unit>4</unit>
        <nibbles>1</nibbles>
        <nibbles>0</nibbles>
        <nibbles>0</nibbles>
        <nibbles>15</nibbles>
      </spaces>
      <spaces>
        <unit>4</unit>
        <nibbles>4</nibbles>
        <nibbles>5</nibbles>
        <nibbles>15</nibbles>
      </spaces>
      <spaces>
        <unit>4</unit>
        <nibbles>2</nibbles>
        <nibbles>5</nibbles>
        <nibbles>15</nibbles>
      </spaces>
      <spaces>
        <unit>4</unit>
        <nibbles>8</nibbles>
        <nibbles>15</nibbles>
      </spaces>
      <spaces>
        <unit>4</unit>
        <nibbles>2</nibbles>
        <nibbles>5</nibbles>
        <nibbles>15</nibbles>
      </spaces>
      <spaces>
        <unit>4</unit>
        <nibbles>1</nibbles>
        <nibbles>0</nibbles>
        <nibbles>0</nibbles>
        <nibbles>15</nibbles>
      </spaces>
      <spaces>
        <unit>4</unit>
        <nibbles>1</nibbles>
        <nibbles>0</nibbles>
        <nibbles>0</nibbles>
        <nibbles>15</nibbles>
      </spaces>
      <spaces>
        <unit>4</unit>
        <nibbles>3</nibbles>
        <nibbles>5</nibbles>
        <nibbles>15</nibbles>
      </spaces>
      <spaces>
        <unit>4</unit>
        <nibbles>1</nibbles>
        <nibbles>0</nibbles>
        <nibbles>0</nibbles>
        <nibbles>15</nibbles>
      </spaces>
      <spaces>
        <unit>4</unit>
        <nibbles>8</nibbles>
        <nibbles>15</nibbles>
      </spaces>
      <spaces>
        <unit>4</unit>
        <nibbles>5</nibbles>
        <nibbles>15</nibbles>
      </spaces>
      <spaces>
        <unit>4</unit>
        <nibbles>2</nibbles>
        <nibbles>10</nibbles>
        <nibbles>5</nibbles>
        <nibbles>15</nibbles>
      </spaces>
      <spaces>
        <unit>4</unit>
        <nibbles>8</nibbles>
        <nibbles>15</nibbles>
      </spaces>
      <spaces>
        <unit>4</unit>
        <nibbles>8</nibbles>
        <nibbles>15</nibbles>
      </spaces>
      <spaces>
        <unit>4</unit>
        <nibbles>1</nibbles>
        <nibbles>0</nibbles>
        <nibbles>0</nibbles>
        <nibbles>15</nibbles>
      </spaces>
      <spaces>
        <unit>4</unit>
        <nibbles>1</nibbles>
        <nibbles>0</nibbles>
        <nibbles>0</nibbles>
        <nibbles>15</nibbles>
      </spaces>
      <spaces>
        <unit>4</unit>
        <nibbles>0</nibbles>
        <nibbles>15</nibbles>
      </spaces>
      <spaces>
        <unit>4</unit>
        <nibbles>8</nibbles>
        <nibbles>15</nibbles>
      </spaces>
      <spaces>
        <unit>4</unit>
        <nibbles>1</nibbles>
        <nibbles>7</nibbles>
        <nibbles>15</nibbles>
      </spaces>
      <spaces>
        <unit>4</unit>
        <nibbles>8</nibbles>
        <nibbles>15</nibbles>
      </spaces>
      <spaces>
        <unit>4</unit>
        <nibbles>1</nibbles>
        <nibbles>0</nibbles>
        <nibbles>0</nibbles>
        <nibbles>15</nibbles>
      </spaces>
      <spaces>
        <unit>4</unit>
        <nibbles>1</nibbles>
        <nibbles>2</nibbles>
        <nibbles>10</nibbles>
        <nibbles>5</nibbles>
        <nibbles>15</nibbles>
      </spaces>
      <spaces>
        <unit>4</unit>
        <nibbles>4</nibbles>
        <nibbles>5</nibbles>
        <nibbles>15</nibbles>
      </spaces>
      <spaces>
        <unit>4</unit>
        <nibbles>5</nibbles>
        <nibbles>15</nibbles>
      </spaces>
      <spaces>
        <unit>4</unit>
        <nibbles>5</nibbles>
        <nibbles>15</nibbles>
      </spaces>
      <spaces>
        <unit>4</unit>
        <nibbles>5</nibbles>
        <nibbles>15</nibbles>
      </spaces>
      <spaces>
        <unit>4</unit>
        <nibbles>5</nibbles>
        <nibbles>15</nibbles>
      </spaces>
      <spaces>
        <unit>4</unit>
        <nibbles>1</nibbles>
        <nibbles>0</nibbles>
        <nibbles>15</nibbles>
      </spaces>
      <styles_count>12</styles_count>
      <styles>
        <font_def>1</font_def>
        <font_style>0</font_style>
      </styles>
      <styles>
        <font_def>1</font_def>
        <font_style>0</font_style>
      </styles>
      <styles>
        <font_def>2</font_def>
        <font_style>2</font_style>
      </styles>
      <styles>
        <font_def>3</font_def>
        <font_style>2</font_style>
      </styles>
      <styles>
        <font_def>3</font_def>
        <font_style>0</font_style>
      </styles>
      <styles>
        <font_def>3</font_def>
        <font_style>0</font_style>
      </styles>
      <styles>
        <font_def>1</font_def>
        <font_style>1</font_style>
      </styles>
      <styles>
        <font_def>1</font_def>
        <font_style>0</font_style>
      </styles>
      <styles>
        <font_def>2</font_def>
        <font_style>0</font_style>
      </styles>
      <styles>
        <font_def>2</font_def>
        <font_style>0</font_style>
      </styles>
      <styles>
        <font_def>4</font_def>
        <font_style>0</font_style>
      </styles>
      <styles>
        <font_def>0</font_def>
      </styles>
    </eqn_prefs>
    <full/>
    <slot>
      <options>0</options>
      <size>
        <dsize>0</dsize>
        <point_size>-320</point_size>
      </size>
      <char>
        <typeface>3</typeface>
        <mt_code_value>0x0050</mt_code_value>
        <options>0</options>
        <variation>mathmode</variation>
      </char>
      <full/>
      <tmpl>
        <selector>tmSUB</selector>
        <template_specific_options>0</template_specific_options>
        <sub/>
        <slot>
          <options>0</options>
          <char>
            <typeface>1</typeface>
            <mt_code_value>0x0073</mt_code_value>
            <options>0</options>
            <variation>textmode</variation>
          </char>
          <char>
            <typeface>1</typeface>
            <mt_code_value>0x0074</mt_code_value>
            <options>0</options>
            <variation>textmode</variation>
          </char>
          <char>
            <typeface>1</typeface>
            <mt_code_value>0x0069</mt_code_value>
            <options>0</options>
            <variation>textmode</variation>
          </char>
          <end/>
        </slot>
        <slot>
          <options>1</options>
        </slot>
        <end/>
      </tmpl>
      <size>
        <dsize>0</dsize>
        <point_size>-320</point_size>
      </size>
      <char>
        <typeface>6</typeface>
        <mt_code_value>0x003D</mt_code_value>
        <options>4</options>
        <font_position>61</font_position>
        <variation>mathmode</variation>
      </char>
      <char>
        <typeface>24</typeface>
        <mt_code_value>0xEB02</mt_code_value>
        <options>0</options>
        <variation>mathmode</variation>
      </char>
      <char>
        <typeface>8</typeface>
        <mt_code_value>0x0030</mt_code_value>
        <options>0</options>
        <variation>mathmode</variation>
      </char>
      <char>
        <typeface>2</typeface>
        <mt_code_value>0x002C</mt_code_value>
        <options>0</options>
        <variation>mathmode</variation>
      </char>
      <char>
        <typeface>8</typeface>
        <mt_code_value>0x0038</mt_code_value>
        <options>0</options>
        <variation>mathmode</variation>
      </char>
      <char>
        <typeface>2</typeface>
        <mt_code_value>0x002A</mt_code_value>
        <options>0</options>
        <variation>mathmode</variation>
      </char>
      <full/>
      <tmpl>
        <selector>tmROOT</selector>
        <variation>tvROOT_SQ</variation>
        <template_specific_options>0</template_specific_options>
        <slot>
          <options>0</options>
          <tmpl>
            <selector>tmFRACT</selector>
            <variation>tvFR_SMALL</variation>
            <template_specific_options>0</template_specific_options>
            <slot>
              <options>0</options>
              <size>
                <dsize>0</dsize>
                <point_size>-320</point_size>
              </size>
              <char>
                <typeface>3</typeface>
                <mt_code_value>0x0053</mt_code_value>
                <options>0</options>
                <variation>mathmode</variation>
              </char>
              <size>
                <dsize>0</dsize>
                <point_size>-256</point_size>
              </size>
              <tmpl>
                <selector>tmSUB</selector>
                <template_specific_options>0</template_specific_options>
                <sub/>
                <slot>
                  <options>0</options>
                  <size>
                    <dsize>0</dsize>
                    <point_size>-256</point_size>
                  </size>
                  <char>
                    <typeface>1</typeface>
                    <mt_code_value>0x0041</mt_code_value>
                    <options>0</options>
                    <variation>textmode</variation>
                  </char>
                  <end/>
                </slot>
                <sub/>
                <slot>
                  <options>1</options>
                </slot>
                <end/>
              </tmpl>
              <end/>
            </slot>
            <full/>
            <slot>
              <options>0</options>
              <tmpl>
                <selector>tmSUB</selector>
                <template_specific_options>0</template_specific_options>
                <sub/>
                <slot>
                  <options>0</options>
                  <size>
                    <dsize>0</dsize>
                    <point_size>-320</point_size>
                  </size>
                  <char>
                    <typeface>3</typeface>
                    <mt_code_value>0x0053</mt_code_value>
                    <options>0</options>
                    <variation>mathmode</variation>
                  </char>
                  <full/>
                  <tmpl>
                    <selector>tmSUB</selector>
                    <template_specific_options>0</template_specific_options>
                    <sub/>
                    <slot>
                      <options>0</options>
                      <size>
                        <dsize>0</dsize>
                        <point_size>-256</point_size>
                      </size>
                      <char>
                        <typeface>8</typeface>
                        <mt_code_value>0x0030</mt_code_value>
                        <options>0</options>
                        <variation>mathmode</variation>
                      </char>
                      <end/>
                    </slot>
                    <sub/>
                    <slot>
                      <options>1</options>
                    </slot>
                    <end/>
                  </tmpl>
                  <end/>
                </slot>
                <slot>
                  <options>1</options>
                </slot>
                <end/>
              </tmpl>
              <end/>
            </slot>
            <end/>
          </tmpl>
          <end/>
        </slot>
        <full/>
        <slot>
          <options>1</options>
        </slot>
        <end/>
      </tmpl>
      <end/>
    </slot>
    <end/>
  </mtef>
</root>
