<?xml version="1.0"?>
<root>
  <mtef>
    <mtef_version>5</mtef_version>
    <platform>1</platform>
    <product>0</product>
    <product_version>6</product_version>
    <product_subversion>5</product_subversion>
    <application_key>DSMT6</application_key>
    <equation_options>block</equation_options>
    <encoding_def>
      <name>WinAllBasicCodePages</name>
    </encoding_def>
    <font_def>
      <enc_def_index>5</enc_def_index>
      <font_name>Times New Roman</font_name>
    </font_def>
    <font_def>
      <enc_def_index>3</enc_def_index>
      <font_name>Symbol</font_name>
    </font_def>
    <font_def>
      <enc_def_index>5</enc_def_index>
      <font_name>Courier New</font_name>
    </font_def>
    <font_def>
      <enc_def_index>4</enc_def_index>
      <font_name>MT Extra</font_name>
    </font_def>
    <eqn_prefs>
      <options>0</options>
      <sizes_count>8</sizes_count>
      <sizes>
        <unit>2</unit>
        <nibbles>1</nibbles>
        <nibbles>3</nibbles>
        <nibbles>15</nibbles>
      </sizes>
      <sizes>
        <unit>2</unit>
        <nibbles>9</nibbles>
        <nibbles>15</nibbles>
      </sizes>
      <sizes>
        <unit>2</unit>
        <nibbles>7</nibbles>
        <nibbles>15</nibbles>
      </sizes>
      <sizes>
        <unit>2</unit>
        <nibbles>1</nibbles>
        <nibbles>9</nibbles>
        <nibbles>15</nibbles>
      </sizes>
      <sizes>
        <unit>2</unit>
        <nibbles>1</nibbles>
        <nibbles>3</nibbles>
        <nibbles>15</nibbles>
      </sizes>
      <sizes>
        <unit>4</unit>
        <nibbles>8</nibbles>
        <nibbles>4</nibbles>
        <nibbles>10</nibbles>
        <nibbles>6</nibbles>
        <nibbles>15</nibbles>
      </sizes>
      <sizes>
        <unit>4</unit>
        <nibbles>7</nibbles>
        <nibbles>6</nibbles>
        <nibbles>10</nibbles>
        <nibbles>9</nibbles>
        <nibbles>15</nibbles>
      </sizes>
      <sizes>
        <unit>2</unit>
        <nibbles>1</nibbles>
        <nibbles>15</nibbles>
      </sizes>
      <spaces_count>30</spaces_count>
      <spaces>
        <unit>4</unit>
        <nibbles>1</nibbles>
        <nibbles>5</nibbles>
        <nibbles>0</nibbles>
        <nibbles>15</nibbles>
      </spaces>
      <spaces>
        <unit>4</unit>
        <nibbles>1</nibbles>
        <nibbles>6</nibbles>
        <nibbles>0</nibbles>
        <nibbles>15</nibbles>
      </spaces>
      <spaces>
        <unit>4</unit>
        <nibbles>9</nibbles>
        <nibbles>0</nibbles>
        <nibbles>15</nibbles>
      </spaces>
      <spaces>
        <unit>4</unit>
        <nibbles>4</nibbles>
        <nibbles>5</nibbles>
        <nibbles>15</nibbles>
      </spaces>
      <spaces>
        <unit>4</unit>
        <nibbles>2</nibbles>
        <nibbles>5</nibbles>
        <nibbles>15</nibbles>
      </spaces>
      <spaces>
        <unit>4</unit>
        <nibbles>8</nibbles>
        <nibbles>15</nibbles>
      </spaces>
      <spaces>
        <unit>4</unit>
        <nibbles>2</nibbles>
        <nibbles>5</nibbles>
        <nibbles>15</nibbles>
      </spaces>
      <spaces>
        <unit>4</unit>
        <nibbles>1</nibbles>
        <nibbles>0</nibbles>
        <nibbles>0</nibbles>
        <nibbles>15</nibbles>
      </spaces>
      <spaces>
        <unit>4</unit>
        <nibbles>1</nibbles>
        <nibbles>0</nibbles>
        <nibbles>0</nibbles>
        <nibbles>15</nibbles>
      </spaces>
      <spaces>
        <unit>4</unit>
        <nibbles>3</nibbles>
        <nibbles>5</nibbles>
        <nibbles>15</nibbles>
      </spaces>
      <spaces>
        <unit>4</unit>
        <nibbles>1</nibbles>
        <nibbles>0</nibbles>
        <nibbles>0</nibbles>
        <nibbles>15</nibbles>
      </spaces>
      <spaces>
        <unit>2</unit>
        <nibbles>1</nibbles>
        <nibbles>15</nibbles>
      </spaces>
      <spaces>
        <unit>2</unit>
        <nibbles>0</nibbles>
        <nibbles>10</nibbles>
        <nibbles>5</nibbles>
        <nibbles>15</nibbles>
      </spaces>
      <spaces>
        <unit>2</unit>
        <nibbles>0</nibbles>
        <nibbles>10</nibbles>
        <nibbles>2</nibbles>
        <nibbles>5</nibbles>
        <nibbles>15</nibbles>
      </spaces>
      <spaces>
        <unit>4</unit>
        <nibbles>8</nibbles>
        <nibbles>15</nibbles>
      </spaces>
      <spaces>
        <unit>2</unit>
        <nibbles>1</nibbles>
        <nibbles>15</nibbles>
      </spaces>
      <spaces>
        <unit>4</unit>
        <nibbles>1</nibbles>
        <nibbles>0</nibbles>
        <nibbles>0</nibbles>
        <nibbles>15</nibbles>
      </spaces>
      <spaces>
        <unit>4</unit>
        <nibbles>1</nibbles>
        <nibbles>0</nibbles>
        <nibbles>0</nibbles>
        <nibbles>15</nibbles>
      </spaces>
      <spaces>
        <unit>4</unit>
        <nibbles>0</nibbles>
        <nibbles>15</nibbles>
      </spaces>
      <spaces>
        <unit>4</unit>
        <nibbles>8</nibbles>
        <nibbles>15</nibbles>
      </spaces>
      <spaces>
        <unit>4</unit>
        <nibbles>1</nibbles>
        <nibbles>7</nibbles>
        <nibbles>15</nibbles>
      </spaces>
      <spaces>
        <unit>4</unit>
        <nibbles>8</nibbles>
        <nibbles>15</nibbles>
      </spaces>
      <spaces>
        <unit>4</unit>
        <nibbles>1</nibbles>
        <nibbles>0</nibbles>
        <nibbles>0</nibbles>
        <nibbles>15</nibbles>
      </spaces>
      <spaces>
        <unit>2</unit>
        <nibbles>1</nibbles>
        <nibbles>10</nibbles>
        <nibbles>5</nibbles>
        <nibbles>15</nibbles>
      </spaces>
      <spaces>
        <unit>4</unit>
        <nibbles>4</nibbles>
        <nibbles>5</nibbles>
        <nibbles>15</nibbles>
      </spaces>
      <spaces>
        <unit>4</unit>
        <nibbles>5</nibbles>
        <nibbles>15</nibbles>
      </spaces>
      <spaces>
        <unit>4</unit>
        <nibbles>5</nibbles>
        <nibbles>15</nibbles>
      </spaces>
      <spaces>
        <unit>4</unit>
        <nibbles>5</nibbles>
        <nibbles>15</nibbles>
      </spaces>
      <spaces>
        <unit>4</unit>
        <nibbles>5</nibbles>
        <nibbles>15</nibbles>
      </spaces>
      <spaces>
        <unit>4</unit>
        <nibbles>1</nibbles>
        <nibbles>0</nibbles>
        <nibbles>15</nibbles>
      </spaces>
      <styles_count>12</styles_count>
      <styles>
        <font_def>1</font_def>
        <font_style>0</font_style>
      </styles>
      <styles>
        <font_def>1</font_def>
        <font_style>0</font_style>
      </styles>
      <styles>
        <font_def>1</font_def>
        <font_style>0</font_style>
      </styles>
      <styles>
        <font_def>2</font_def>
        <font_style>0</font_style>
      </styles>
      <styles>
        <font_def>2</font_def>
        <font_style>0</font_style>
      </styles>
      <styles>
        <font_def>2</font_def>
        <font_style>0</font_style>
      </styles>
      <styles>
        <font_def>1</font_def>
        <font_style>0</font_style>
      </styles>
      <styles>
        <font_def>1</font_def>
        <font_style>0</font_style>
      </styles>
      <styles>
        <font_def>3</font_def>
        <font_style>0</font_style>
      </styles>
      <styles>
        <font_def>1</font_def>
        <font_style>0</font_style>
      </styles>
      <styles>
        <font_def>4</font_def>
        <font_style>0</font_style>
      </styles>
      <styles>
        <font_def>0</font_def>
      </styles>
    </eqn_prefs>
    <full/>
    <slot>
      <options>0</options>
      <matrix>
        <options>0</options>
        <valign>center_baseline</valign>
        <h_just>left</h_just>
        <v_just>center_baseline</v_just>
        <rows>8</rows>
        <cols>8</cols>
        <row_parts>2</row_parts>
        <row_parts>0</row_parts>
        <row_parts>1</row_parts>
        <row_parts>2</row_parts>
        <row_parts>3</row_parts>
        <row_parts>0</row_parts>
        <row_parts>1</row_parts>
        <row_parts>3</row_parts>
        <row_parts>1</row_parts>
        <col_parts>2</col_parts>
        <col_parts>1</col_parts>
        <col_parts>0</col_parts>
        <col_parts>3</col_parts>
        <col_parts>2</col_parts>
        <col_parts>1</col_parts>
        <col_parts>0</col_parts>
        <col_parts>3</col_parts>
        <col_parts>1</col_parts>
        <slot>
          <options>0</options>
          <end/>
        </slot>
        <slot>
          <options>0</options>
          <end/>
        </slot>
        <slot>
          <options>0</options>
          <end/>
        </slot>
        <slot>
          <options>0</options>
          <end/>
        </slot>
        <slot>
          <options>0</options>
          <end/>
        </slot>
        <slot>
          <options>0</options>
          <end/>
        </slot>
        <slot>
          <options>0</options>
          <end/>
        </slot>
        <slot>
          <options>0</options>
          <end/>
        </slot>
        <slot>
          <options>0</options>
          <end/>
        </slot>
        <slot>
          <options>0</options>
          <end/>
        </slot>
        <slot>
          <options>0</options>
          <end/>
        </slot>
        <slot>
          <options>0</options>
          <end/>
        </slot>
        <slot>
          <options>0</options>
          <end/>
        </slot>
        <slot>
          <options>0</options>
          <end/>
        </slot>
        <slot>
          <options>0</options>
          <end/>
        </slot>
        <slot>
          <options>0</options>
          <end/>
        </slot>
        <slot>
          <options>0</options>
          <end/>
        </slot>
        <slot>
          <options>0</options>
          <end/>
        </slot>
        <slot>
          <options>0</options>
          <end/>
        </slot>
        <slot>
          <options>0</options>
          <end/>
        </slot>
        <slot>
          <options>0</options>
          <end/>
        </slot>
        <slot>
          <options>0</options>
          <end/>
        </slot>
        <slot>
          <options>0</options>
          <end/>
        </slot>
        <slot>
          <options>0</options>
          <end/>
        </slot>
        <slot>
          <options>0</options>
          <end/>
        </slot>
        <slot>
          <options>0</options>
          <end/>
        </slot>
        <slot>
          <options>0</options>
          <end/>
        </slot>
        <slot>
          <options>0</options>
          <end/>
        </slot>
        <slot>
          <options>0</options>
          <end/>
        </slot>
        <slot>
          <options>0</options>
          <end/>
        </slot>
        <slot>
          <options>0</options>
          <end/>
        </slot>
        <slot>
          <options>0</options>
          <end/>
        </slot>
        <slot>
          <options>0</options>
          <end/>
        </slot>
        <slot>
          <options>0</options>
          <end/>
        </slot>
        <slot>
          <options>0</options>
          <end/>
        </slot>
        <slot>
          <options>0</options>
          <end/>
        </slot>
        <slot>
          <options>0</options>
          <end/>
        </slot>
        <slot>
          <options>0</options>
          <end/>
        </slot>
        <slot>
          <options>0</options>
          <end/>
        </slot>
        <slot>
          <options>0</options>
          <end/>
        </slot>
        <slot>
          <options>0</options>
          <end/>
        </slot>
        <slot>
          <options>0</options>
          <end/>
        </slot>
        <slot>
          <options>0</options>
          <end/>
        </slot>
        <slot>
          <options>0</options>
          <end/>
        </slot>
        <slot>
          <options>0</options>
          <end/>
        </slot>
        <slot>
          <options>0</options>
          <end/>
        </slot>
        <slot>
          <options>0</options>
          <end/>
        </slot>
        <slot>
          <options>0</options>
          <end/>
        </slot>
        <slot>
          <options>0</options>
          <end/>
        </slot>
        <slot>
          <options>0</options>
          <end/>
        </slot>
        <slot>
          <options>0</options>
          <end/>
        </slot>
        <slot>
          <options>0</options>
          <end/>
        </slot>
        <slot>
          <options>0</options>
          <end/>
        </slot>
        <slot>
          <options>0</options>
          <end/>
        </slot>
        <slot>
          <options>0</options>
          <end/>
        </slot>
        <slot>
          <options>0</options>
          <end/>
        </slot>
        <slot>
          <options>0</options>
          <end/>
        </slot>
        <slot>
          <options>0</options>
          <end/>
        </slot>
        <slot>
          <options>0</options>
          <end/>
        </slot>
        <slot>
          <options>0</options>
          <end/>
        </slot>
        <slot>
          <options>0</options>
          <end/>
        </slot>
        <slot>
          <options>0</options>
          <end/>
        </slot>
        <slot>
          <options>0</options>
          <end/>
        </slot>
        <slot>
          <options>0</options>
          <end/>
        </slot>
        <end/>
      </matrix>
      <end/>
    </slot>
    <end/>
  </mtef>
</root>
